[cdu-stock.com/index.html]
[backblue.gif]
[fade.gif]
[index.html]
[cdu-stock.com/images/favicon/favicon-16x16.png]
[cdu-stock.com/vendor/bootstrap/css/bootstrap.min.css]
[cdu-stock.com/vendor/animate/animate.min.css]
[cdu-stock.com/vendor/simple-line-icons/css/simple-line-icons.min.css]
[cdu-stock.com/vendor/owl.carousel/assets/owl.carousel.min.css]
[cdu-stock.com/vendor/owl.carousel/assets/owl.theme.default.min.css]
[cdu-stock.com/vendor/magnific-popup/magnific-popup.min.css]
[cdu-stock.com/css/theme.css]
[cdu-stock.com/css/theme-elements.css]
[cdu-stock.com/css/theme-blog.css]
[cdu-stock.com/css/theme-shop.css]
[cdu-stock.com/vendor/rs-plugin/css/settings.css]
[cdu-stock.com/vendor/rs-plugin/css/layers.css]
[cdu-stock.com/vendor/rs-plugin/css/navigation.css]
[cdu-stock.com/css/skins/default.css]
[cdu-stock.com/css_2020/update.css]
[unpkg.com/aos@2.3.1/dist/aos.css]
[cdu-stock.com/vendor/modernizr/modernizr.min.js]
[unpkg.com/aos@2.3.1/dist/aos.js]
[cdu-stock.com/css/selfstockage.css]
[cdu-stock.com/css/custom.min.css]
[cdu-stock.com/css/map-pins.css]
[cdu-stock.com/mentions.html]
[cdu-stock.com/img/en.png]
[cdu-stock.com/img/de.png]
[cdu-stock.com/img/es.png]
[cdu-stock.com/img/fr.png]
[cdu-stock.com/img/it.png]
[cdu-stock.com/img/ca.png]
[cdu-stock.com/index-2.html]
[cdu-stock.com/images/Logos/Logo1.png]
[cdu-stock.com/vente-conteneur-acheter.html]
[cdu-stock.com/containeurs-vente.html]
[cdu-stock.com/bungalows.html]
[cdu-stock.com/transformation-amenagement-container.html]
[cdu-stock.com/box-mobile.html]
[cdu-stock.com/location-conteneur-self-stockage.html]
[cdu-stock.com/contact.html]
[cdu-stock.com/images/home/stockobox_vente_containers.jpg]
[cdu-stock.com/images/home/stockobox_self_stockage.jpg]
[cdu-stock.com/images/home/stockobox_transformation_amenagement_containers.jpg]
[cdu-stock.com/images/home/Stockobox_containers_mobiles.jpg]
[cdu-stock.com/images/commun/France-Small_r1_c1.png]
[cdu-stock.com/images/home/icons-home_vente_container_maritime.png]
[cdu-stock.com/images/home/icons-home_transformation_amenagement.png]
[cdu-stock.com/images/home/icons-home_container_mobile.png]
[cdu-stock.com/images/home/icons-home_selfstockage.png]
[cdu-stock.com/images/commun/stockobox_containers_box_stockage_article.gif]
[cdu-stock.com/container_40_avec_rideaux_metalliques_pour_du_self_stockage-realisations-22-6.html]
[cdu-stock.com/container_totem_40_a_la_verticale-realisations-20-6.html]
[cdu-stock.com/escalier_en_container-realisations-19-6.html]
[cdu-stock.com/container_transforme_avec_des_portes_pour_du_self_stockage-realisations-21-6.html]
[cdu-stock.com/container-stockage-blog-actualites.html]
[cdu-stock.com/plan-du-site.html]
[cdu-stock.com/container_40_pieds_high_cube-containers-24-7.html]
[cdu-stock.com/container_8_pieds-containers-25-7.html]
[cdu-stock.com/container_10_pieds-containers-26-7.html]
[cdu-stock.com/container_20_pieds-containers-27-7.html]
[cdu-stock.com/container_40_pieds-containers-28-7.html]
[cdu-stock.com/container_frigorifique-containers-29-7.html]
[cdu-stock.com/container_chantier-containers-30-7.html]
[cdu-stock.com/container_premier_voyage-containers-34-7.html]
[cdu-stock.com/container_occasions-containers-32-7.html]
[cdu-stock.com/container_neuf-containers-33-7.html]
[cdu-stock.com/container_40_avec_rideaux_metalliques_pour_du_self_stockage-containers-22-6.html]
[cdu-stock.com/container_totem_40_a_la_verticale-containers-20-6.html]
[cdu-stock.com/escalier_en_container-containers-19-6.html]
[cdu-stock.com/container_transforme_avec_des_portes_pour_du_self_stockage-containers-21-6.html]
[cdu-stock.com/images/Logos/Logo2.png]
[cdu-stock.com/vendor/jquery/jquery.min.js]
[cdu-stock.com/vendor/jquery.appear/jquery.appear.min.js]
[cdu-stock.com/vendor/jquery.easing/jquery.easing.min.js]
[cdu-stock.com/vendor/jquery.cookie/jquery.cookie.min.js]
[cdu-stock.com/vendor/popper/umd/popper.min.js]
[cdu-stock.com/vendor/bootstrap/js/bootstrap.min.js]
[cdu-stock.com/vendor/common/common.min.js]
[cdu-stock.com/vendor/jquery.validation/jquery.validate.min.js]
[cdu-stock.com/vendor/jquery.easy-pie-chart/jquery.easypiechart.min.js]
[cdu-stock.com/vendor/jquery.gmap/jquery.gmap.min.js]
[cdu-stock.com/vendor/jquery.lazyload/jquery.lazyload.min.js]
[cdu-stock.com/vendor/isotope/jquery.isotope.min.js]
[cdu-stock.com/vendor/owl.carousel/owl.carousel.min.js]
[cdu-stock.com/vendor/magnific-popup/jquery.magnific-popup.min.js]
[cdu-stock.com/vendor/vide/jquery.vide.min.js]
[cdu-stock.com/vendor/vivus/vivus.min.js]
[cdu-stock.com/js/theme.js]
[cdu-stock.com/js/theme.init.js]
[cdu-stock.com/js/custom.min.js]
[translate.google.com/translate_a/element.5a7876.delayed]
[cdu-stock.com/index.html]
[cdu-stock.com/vendor/bootstrap/css/bootstrap.min.css]
[cdu-stock.com/vendor/animate/animate.min.css]
[cdu-stock.com/vendor/simple-line-icons/fonts/Simple-Line-Iconsb26cb26c.eot]
[cdu-stock.com/vendor/simple-line-icons/fonts/Simple-Line-Iconsb26cb26c.woff2]
[cdu-stock.com/vendor/simple-line-icons/fonts/Simple-Line-Iconsb26cb26c.ttf]
[cdu-stock.com/vendor/simple-line-icons/fonts/Simple-Line-Iconsb26cb26c.woff]
[cdu-stock.com/vendor/simple-line-icons/css/simple-line-icons.min.css]
[cdu-stock.com/vendor/simple-line-icons/fonts/Simple-Line-Iconsb26cb26c.svg]
[cdu-stock.com/vendor/owl.carousel/assets/owl.video.play.png]
[cdu-stock.com/vendor/owl.carousel/assets/owl.carousel.min.css]
[cdu-stock.com/vendor/owl.carousel/assets/owl.theme.default.min.css]
[cdu-stock.com/vendor/magnific-popup/magnific-popup.min.css]
[cdu-stock.com/img/home/home-concept-dark.png]
[cdu-stock.com/img/home/home-concept-item-dark.png]
[cdu-stock.com/img/home/home-concept-icons-dark.png]
[cdu-stock.com/img/arrows-dark.png]
[cdu-stock.com/css/theme.css]
[cdu-stock.com/img/arrows.png]
[cdu-stock.com/img/patterns/worn_dots.png]
[cdu-stock.com/img/patterns/az_subtle.png]
[cdu-stock.com/img/flags.png]
[cdu-stock.com/img/icons/icons.png]
[cdu-stock.com/img/pencil-blue-line.png]
[cdu-stock.com/img/pencil-blue-line-dark.png]
[cdu-stock.com/img/pencil-blue-line-2.png]
[cdu-stock.com/img/pencil-blue-line-2-dark.png]
[cdu-stock.com/img/curved-border.svg]
[cdu-stock.com/img/overlay-dot.png]
[cdu-stock.com/img/map.png]
[cdu-stock.com/img/home/home-concept.png]
[cdu-stock.com/img/home/home-concept-item.png]
[cdu-stock.com/img/home/home-concept-icons.png]
[cdu-stock.com/css/theme-elements.css]
[cdu-stock.com/css/theme-blog.css]
[cdu-stock.com/css/fonts/star.eot]
[cdu-stock.com/css/fonts/stard41dd41d.eot]
[cdu-stock.com/css/fonts/star.woff]
[cdu-stock.com/css/fonts/star.ttf]
[cdu-stock.com/css/fonts/star.svg]
[cdu-stock.com/css/theme-shop.css]
[cdu-stock.com/vendor/rs-plugin/fonts/revicons/revicons90c690c6.eot]
[cdu-stock.com/vendor/rs-plugin/fonts/revicons/revicons90c690c6.woff]
[cdu-stock.com/vendor/rs-plugin/fonts/revicons/revicons90c690c6.ttf]
[cdu-stock.com/vendor/rs-plugin/fonts/revicons/revicons90c690c6.svg]
[cdu-stock.com/vendor/rs-plugin/css/openhand.cur]
[cdu-stock.com/vendor/rs-plugin/css/closedhand.cur]
[cdu-stock.com/vendor/rs-plugin/assets/gridtile.png]
[cdu-stock.com/vendor/rs-plugin/assets/gridtile_white.png]
[cdu-stock.com/vendor/rs-plugin/assets/gridtile_3x3.png]
[cdu-stock.com/vendor/rs-plugin/assets/gridtile_3x3_white.png]
[cdu-stock.com/vendor/rs-plugin/assets/coloredbg.png]
[cdu-stock.com/vendor/rs-plugin/assets/loader.gif]
[cdu-stock.com/vendor/rs-plugin/css/settings.css]
[cdu-stock.com/vendor/rs-plugin/css/layers.css]
[cdu-stock.com/vendor/rs-plugin/css/navigation.css]
[cdu-stock.com/css/skins/default.css]
[cdu-stock.com/css_2020/update.css]
[unpkg.com/aos@2.3.1/dist/aos.css]
[cdu-stock.com/css/selfstockage.css]
[cdu-stock.com/css/custom.min.css]
[cdu-stock.com/css/map-pins.css]
[cdn-gbbu02.graphibox.eu/builds/fonts/fontawesome-v5.12.0/fa-brands-400.eot]
[cdn-gbbu02.graphibox.eu/builds/fonts/fontawesome-v5.12.0/fonts-fontawesome.all.min.css]
[cdu-stock.com/mentions.html]
[cdu-stock.com/index-2.html]
[cdu-stock.com/livraison.html]
[cdu-stock.com/pourquoi-acheter.html]
[cdu-stock.com/container_pujaudran-contact.html]
[cdu-stock.com/container_seysses-contact.html]
[cdu-stock.com/container_bordeaux-contact.html]
[cdu-stock.com/container_bruguieres-contact.html]
[cdu-stock.com/container_dunkerque_lille-contact.html]
[cdu-stock.com/container_fos_sur_mer-contact.html]
[cdu-stock.com/container_le_havre_le_mole_central-contact.html]
[cdu-stock.com/container_le_havre_roselieres-contact.html]
[cdu-stock.com/container_lyon-contact.html]
[cdu-stock.com/container_marseille-contact.html]
[cdu-stock.com/container_montoir_de_bretagne-contact.html]
[cdu-stock.com/container_paris-contact.html]
[cdu-stock.com/container_rouen-contact.html]
[cdu-stock.com/contact2e23.html]
[cdu-stock.com/images/commun/stockobox_containers_box_stockage.gif]
[cdu-stock.com/images/vente/carte-two_r1_c1.png]
[cdu-stock.com/vente-conteneur-acheter.html]
[cdu-stock.com/contenaire-6pieds.html]
[cdu-stock.com/images/Conteneurs_stockobox/container-6-pieds-dry.png]
[cdu-stock.com/contenaire-6pieds49ca49ca.html]
[cdu-stock.com/container-8pieds.html]
[cdu-stock.com/images/Conteneurs_stockobox/container-8-pieds-dry.png]
[cdu-stock.com/container-8piedsbaafbaaf.html]
[cdu-stock.com/container-9pieds.html]
[cdu-stock.com/images/Conteneurs_stockobox/container-9-pieds-dry.png]
[cdu-stock.com/container-9pieds748b748b.html]
[cdu-stock.com/container-10peids.html]
[cdu-stock.com/images/Conteneurs_stockobox/container-10-pieds-dry.png]
[cdu-stock.com/container-10peids3d2e3d2e.html]
[cdu-stock.com/Container_10Pieds_Frigorifique.html]
[cdu-stock.com/images/Conteneurs_stockobox/container--10-pieds-frigorifique.png]
[cdu-stock.com/Container_10Pieds_Frigorifique25c325c3.html]
[cdu-stock.com/container_20pieds_dry.html]
[cdu-stock.com/images/Conteneurs_stockobox/container-20-pieds-dry.png]
[cdu-stock.com/container_20pieds_dry62006200.html]
[cdu-stock.com/container_20pieds_highCube.html]
[cdu-stock.com/images/Conteneurs_stockobox/Container-20-pieds_high_cub.png]
[cdu-stock.com/container_20pieds_highCubeb181b181.html]
[cdu-stock.com/container_20pieds_OpenSide.html]
[cdu-stock.com/images/Conteneurs_stockobox/container-20-pieds-open-side.png]
[cdu-stock.com/container-20pieds_OpenSidea380a380.html]
[cdu-stock.com/container-20pieds_OpenTop.html]
[cdu-stock.com/images/Conteneurs_stockobox/container-20-pieds-open-top.png]
[cdu-stock.com/container-20pieds_OpenTop68036803.html]
[cdu-stock.com/container-20pieds_DoubleDoor.html]
[cdu-stock.com/images/Conteneurs_stockobox/Container-20-Pieds-Double-Door.png]
[cdu-stock.com/container-20pieds_DoubleDoor87628762.html]
[cdu-stock.com/container-20piedsFrigorifique.html]
[cdu-stock.com/images/Conteneurs_stockobox/container-20-pieds-frigorifique.png]
[cdu-stock.com/container-20piedsFrigorifiquebdf9bdf9.html]
[cdu-stock.com/Container_20Pieds_FlatRack.html]
[cdu-stock.com/images/Conteneurs_stockobox/container-20-pieds-flat-rack.png]
[cdu-stock.com/Container_20Pieds_FlatRack8d778d77.html]
[cdu-stock.com/container-40pieds.html]
[cdu-stock.com/images/Conteneurs_stockobox/Container-40-Pieds-dry.png]
[cdu-stock.com/container-40piedsecf1ecf1.html]
[cdu-stock.com/container-40pieds-HighCube.html]
[cdu-stock.com/container-40pieds-HighCube04180418.html]
[cdu-stock.com/container-40pieds_OpenTop.html]
[cdu-stock.com/images/Conteneurs_stockobox/container_40-pieds-open-top.png]
[cdu-stock.com/container-40pieds_OpenTopceaaceaa.html]
[cdu-stock.com/container-40pieds-Frigorifique.html]
[cdu-stock.com/images/Conteneurs_stockobox/container-40-pieds-frigorifique.png]
[cdu-stock.com/container-40pieds-Frigorifiquebcf6bcf6.html]
[cdu-stock.com/Container-40Pieds_FlatRack.html]
[cdu-stock.com/images/Conteneurs_stockobox/container-40-pieds-flat-rack.png]
[cdu-stock.com/Container-40Pieds_FlatRack883b883b.html]
[cdu-stock.com/container_citerne.html]
[cdu-stock.com/images/Conteneurs_stockobox/container_citerne_stockobox.png]
[cdu-stock.com/container_citerne94fb94fb.html]
[cdu-stock.com/containeurs-vente.html]
[cdu-stock.com/images/Bungalow_stockobox/BUNGALOW-SANITAIRE-5-PIEDS.png]
[cdu-stock.com/contacta4d9.html]
[cdu-stock.com/images/Bungalow_stockobox/BUNGALOW-SANITAIRE-8-PIEDS.png]
[cdu-stock.com/contacta40c.html]
[cdu-stock.com/images/Bungalow_stockobox/BUNGALOW-BUREAU-10-PIEDS.png]
[cdu-stock.com/contact384f.html]
[cdu-stock.com/images/Bungalow_stockobox/BUNGALOW-SANITAIRE-10-PIEDS.png]
[cdu-stock.com/contact8685.html]
[cdu-stock.com/images/Bungalow_stockobox/BONGALOW-BUREAU-16-PIEDS.png]
[cdu-stock.com/contact26c0.html]
[cdu-stock.com/images/Bungalow_stockobox/BONGALOW-WC-16-PIEDS.png]
[cdu-stock.com/contact9f89.html]
[cdu-stock.com/images/Bungalow_stockobox/BUNGALOW-BUREAU-20-PIEDS.png]
[cdu-stock.com/contactb8cd.html]
[cdu-stock.com/images/Bungalow_stockobox/BUNGALOW-SANITAIRE-20-PIEDS.png]
[cdu-stock.com/contact3934.html]
[cdu-stock.com/images/Bungalow_stockobox/BUNGALOW-BUREAU-24-PIEDS.png]
[cdu-stock.com/contact531d.html]
[cdu-stock.com/images/Bungalow_stockobox/BUNGALOW-WC-24-PIEDS.png]
[cdu-stock.com/contact13b6.html]
[cdu-stock.com/images/Bungalow_stockobox/BUNGALOW-BUREAUX-30-PIEDS.png]
[cdu-stock.com/contact956b.html]
[cdu-stock.com/images/Bungalow_stockobox/BUNGALOW-WC-30-PIEDS.png]
[cdu-stock.com/contacta473.html]
[cdu-stock.com/bungalows.html]
[cdu-stock.com/transformation-amenagement-container.html]
[cdu-stock.com/images/home/icons-home_assurance.png]
[cdu-stock.com/images/home/icons-home_securite.png]
[cdu-stock.com/box-mobile.html]
[cdu-stock.com/pourquoi-louer.html]
[cdu-stock.com/images/self-stockage/carte-one_r1_c1.png]
[cdu-stock.com/images/self-stockage/carte-geoloc-item_r1_c1.png]
[cdu-stock.com/images/self-stockage/box/box-etage.gif]
[cdu-stock.com/contact6a66.html]
[cdu-stock.com/images/self-stockage/box/box-garage.gif]
[cdu-stock.com/images/self-stockage/box/box-BIG.gif]
[cdu-stock.com/location-conteneur-self-stockage.html]
[cdu-stock.com/contact.html]
[cdu-stock.com/container_40_avec_rideaux_metalliques_pour_du_self_stockage-realisations-22-6.html]
[cdu-stock.com/container_totem_40_a_la_verticale-realisations-20-6.html]
[cdu-stock.com/escalier_en_container-realisations-19-6.html]
[cdu-stock.com/container_transforme_avec_des_portes_pour_du_self_stockage-realisations-21-6.html]
[cdu-stock.com/creer_son_centre_de_stockage_en_containers_maritimes-realisations-38-1.html]
[cdu-stock.com/notre_gamme_de_bungalows_bureaux_sanitaires_containers_maritimes_amenages-realisations-45-1.html]
[cdu-stock.com/14_utilisations_insolites_de_conteneurs_maritimes-realisations-52-1.html]
[cdu-stock.com/guide_conseil_du_self_stockage_20_tips_qui_feront_de_vous_des_professionnels_du_stockage-realisations-53-1.html]
[cdu-stock.com/nouvelles_plaquettes_de_presentation_de_notre_gamme_containers-realisations-54-1.html]
[cdu-stock.com/campagne_de_promotion_rentree-realisations-56-1.html]
[cdu-stock.com/container-stockage-blog-actualites.html]
[cdu-stock.com/container_40_pieds_high_cube-realisations-24-7.html]
[cdu-stock.com/container_8_pieds-realisations-25-7.html]
[cdu-stock.com/container_10_pieds-realisations-26-7.html]
[cdu-stock.com/container_20_pieds-realisations-27-7.html]
[cdu-stock.com/container_40_pieds-realisations-28-7.html]
[cdu-stock.com/container_frigorifique-realisations-29-7.html]
[cdu-stock.com/container_chantier-realisations-30-7.html]
[cdu-stock.com/container_premier_voyage-realisations-34-7.html]
[cdu-stock.com/container_occasions-realisations-32-7.html]
[cdu-stock.com/container_neuf-realisations-33-7.html]
[cdu-stock.com/container_amenage-realisations-31-7.html]
[cdu-stock.com/plan-du-site.html]
[cdu-stock.com/container_40_pieds_high_cube-containers-24-7.html]
[cdu-stock.com/container_8_pieds-containers-25-7.html]
[cdu-stock.com/container_10_pieds-containers-26-7.html]
[cdu-stock.com/container_20_pieds-containers-27-7.html]
[cdu-stock.com/container_40_pieds-containers-28-7.html]
[cdu-stock.com/container_frigorifique-containers-29-7.html]
[cdu-stock.com/container_chantier-containers-30-7.html]
[cdu-stock.com/container_premier_voyage-containers-34-7.html]
[cdu-stock.com/container_occasions-containers-32-7.html]
[cdu-stock.com/container_neuf-containers-33-7.html]
[cdu-stock.com/container_40_avec_rideaux_metalliques_pour_du_self_stockage-containers-22-6.html]
[cdu-stock.com/container_totem_40_a_la_verticale-containers-20-6.html]
[cdu-stock.com/escalier_en_container-containers-19-6.html]
[cdu-stock.com/container_transforme_avec_des_portes_pour_du_self_stockage-containers-21-6.html]
[cdu-stock.com/images/Logos/logoSocial.html]
[translate.google.com/translate_a/element7876.html]
[cdu-stock.com/vendor/simple-line-icons/fonts/Simple-Line-Iconsb26cb26c.svg]
[cdu-stock.com/img/curved-border.svg]
[cdu-stock.com/css/fonts/star.svg]
[cdu-stock.com/vendor/rs-plugin/fonts/revicons/revicons90c690c6.svg]
[cdu-stock.com/images/livraison/Transport.jpg]
[cdu-stock.com/livraison.html]
[cdu-stock.com/pourquoi-acheter.html]
[cdu-stock.com/container_pujaudran-contact.html]
[cdu-stock.com/container_seysses-contact.html]
[cdu-stock.com/container_bordeaux-contact.html]
[cdu-stock.com/container_bruguieres-contact.html]
[cdu-stock.com/container_dunkerque_lille-contact.html]
[cdu-stock.com/container_fos_sur_mer-contact.html]
[cdu-stock.com/container_le_havre_le_mole_central-contact.html]
[cdu-stock.com/container_le_havre_roselieres-contact.html]
[cdu-stock.com/container_lyon-contact.html]
[cdu-stock.com/container_marseille-contact.html]
[cdu-stock.com/container_montoir_de_bretagne-contact.html]
[cdu-stock.com/container_paris-contact.html]
[cdu-stock.com/container_rouen-contact.html]
[cdu-stock.com/contact2e23.html]
[cdu-stock.com/contenaire-6pieds.html]
[cdu-stock.com/contenaire-6pieds49ca49ca.html]
[cdu-stock.com/container-8pieds.html]
[cdu-stock.com/container-8piedsbaafbaaf.html]
[cdu-stock.com/container-9pieds.html]
[cdu-stock.com/container-9pieds748b748b.html]
[cdu-stock.com/container-10peids.html]
[cdu-stock.com/container-10peids3d2e3d2e.html]
[cdu-stock.com/Container_10Pieds_Frigorifique.html]
[cdu-stock.com/Container_10Pieds_Frigorifique25c325c3.html]
[cdu-stock.com/container_20pieds_dry.html]
[cdu-stock.com/container_20pieds_dry62006200.html]
[cdu-stock.com/container_20pieds_highCube.html]
[cdu-stock.com/container_20pieds_highCubeb181b181.html]
[cdu-stock.com/container_20pieds_OpenSide.html]
[cdu-stock.com/container-20pieds_OpenSidea380a380.html]
[cdu-stock.com/container-20pieds_OpenTop.html]
[cdu-stock.com/container-20pieds_OpenTop68036803.html]
[cdu-stock.com/container-20pieds_DoubleDoor.html]
[cdu-stock.com/container-20pieds_DoubleDoor87628762.html]
[cdu-stock.com/container-20piedsFrigorifique.html]
[cdu-stock.com/container-20piedsFrigorifiquebdf9bdf9.html]
[cdu-stock.com/Container_20Pieds_FlatRack.html]
[cdu-stock.com/Container_20Pieds_FlatRack8d778d77.html]
[cdu-stock.com/container-40pieds.html]
[cdu-stock.com/container-40piedsecf1ecf1.html]
[cdu-stock.com/container-40pieds-HighCube.html]
[cdu-stock.com/container-40pieds-HighCube04180418.html]
[cdu-stock.com/container-40pieds_OpenTop.html]
[cdu-stock.com/container-40pieds_OpenTopceaaceaa.html]
[cdu-stock.com/container-40pieds-Frigorifique.html]
[cdu-stock.com/container-40pieds-Frigorifiquebcf6bcf6.html]
[cdu-stock.com/Container-40Pieds_FlatRack.html]
[cdu-stock.com/Container-40Pieds_FlatRack883b883b.html]
[cdu-stock.com/container_citerne.html]
[cdu-stock.com/container_citerne94fb94fb.html]
[cdu-stock.com/contacta4d9.html]
[cdu-stock.com/contacta40c.html]
[cdu-stock.com/contact384f.html]
[cdu-stock.com/contact8685.html]
[cdu-stock.com/contact26c0.html]
[cdu-stock.com/contact9f89.html]
[cdu-stock.com/contactb8cd.html]
[cdu-stock.com/contact3934.html]
[cdu-stock.com/contact531d.html]
[cdu-stock.com/contact13b6.html]
[cdu-stock.com/contact956b.html]
[cdu-stock.com/contacta473.html]
[cdu-stock.com/pourquoi-louer.html]
[cdu-stock.com/contact6a66.html]
[cdu-stock.com/media.cdu-stock.com/photos/22/realisation_4.html]
[cdu-stock.com/media.cdu-stock.com/photos/22/realisation_42.html]
[cdu-stock.com/media.cdu-stock.com/photos/20/realisation_2.html]
[cdu-stock.com/media.cdu-stock.com/photos/20/realisation_22.html]
[cdu-stock.com/media.cdu-stock.com/photos/19/realisation_1.html]
[cdu-stock.com/media.cdu-stock.com/photos/19/realisation_12.html]
[cdu-stock.com/media.cdu-stock.com/photos/21/realisation_3.html]
[cdu-stock.com/media.cdu-stock.com/photos/21/realisation_32.html]
[cdu-stock.com/uploads/articles/38/editor/lockbox.jpg]
[cdu-stock.com/uploads/articles/38/editor/Container-40-Pieds-dry.jpg]
[cdu-stock.com/uploads/articles/38/editor/realisation_3.jpg]
[cdu-stock.com/uploads/articles/38/editor/4.jpg]
[cdu-stock.com/creer_son_centre_de_stockage_en_containers_maritimes-realisations-38-1.html]
[cdu-stock.com/uploads/articles/45/editor/CONTAINEX-Slide-Containeranlage.jpg]
[cdu-stock.com/uploads/articles/45/editor/bungalow stockobox.jpg]
[cdu-stock.com/uploads/articles/45/editor/sanitaire stockobox.jpg]
[cdu-stock.com/uploads/articles/45/editor/bungalow  stockobox1.jpg]
[cdu-stock.com/notre_gamme_de_bungalows_bureaux_sanitaires_containers_maritimes_amenages-realisations-45-1.html]
[cdu-stock.com/uploads/articles/52/editor/13.jpg]
[cdu-stock.com/uploads/articles/52/editor/204.jpg]
[cdu-stock.com/uploads/articles/52/editor/4.jpg]
[cdu-stock.com/uploads/articles/52/editor/3.jpg]
[cdu-stock.com/uploads/articles/52/editor/5.jpg]
[cdu-stock.com/uploads/articles/52/editor/7.jpg]
[cdu-stock.com/uploads/articles/52/editor/6.jpg]
[cdu-stock.com/uploads/articles/52/editor/8.jpg]
[cdu-stock.com/uploads/articles/52/editor/10.png]
[cdu-stock.com/uploads/articles/52/editor/9.png]
[cdu-stock.com/uploads/articles/52/editor/111.jpg]
[cdu-stock.com/uploads/articles/52/editor/12.png]
[cdu-stock.com/uploads/articles/52/editor/135.jpg]
[cdu-stock.com/uploads/articles/52/editor/14.jpg]
[cdu-stock.com/uploads/articles/52/editor/16.jpg]
[cdu-stock.com/uploads/articles/52/editor/15.jpg]
[cdu-stock.com/uploads/articles/52/editor/18.jpg]
[cdu-stock.com/uploads/articles/52/editor/17.jpg]
[cdu-stock.com/uploads/articles/52/editor/19.jpg]
[cdu-stock.com/uploads/articles/52/editor/20.jpg]
[cdu-stock.com/uploads/articles/52/editor/21.jpg]
[cdu-stock.com/uploads/articles/52/editor/22.png]
[cdu-stock.com/uploads/articles/52/editor/24.jpg]
[cdu-stock.com/uploads/articles/52/editor/25.jpg]
[cdu-stock.com/14_utilisations_insolites_de_conteneurs_maritimes-realisations-52-1.html]
[cdu-stock.com/uploads/articles/53/editor/Image1.png]
[cdu-stock.com/uploads/articles/53/editor/.1.png]
[cdu-stock.com/uploads/articles/53/editor/.2.png]
[cdu-stock.com/uploads/articles/53/editor/.3.png]
[cdu-stock.com/uploads/articles/53/editor/.4.png]
[cdu-stock.com/uploads/articles/53/editor/.5.png]
[cdu-stock.com/uploads/articles/53/editor/Capturebas10.jpg]
[cdu-stock.com/guide_conseil_du_self_stockage_20_tips_qui_feront_de_vous_des_professionnels_du_stockage-realisations-53-1.html]
[cdu-stock.com/uploads/articles/54/editor/descriptif détaillé d'une plaquette.jpg]
[cdu-stock.com/uploads/articles/54/editor/Capturebas11.jpg]
[cdu-stock.com/nouvelles_plaquettes_de_presentation_de_notre_gamme_containers-realisations-54-1.html]
[cdu-stock.com/uploads/articles/56/editor/Image1.png]
[cdu-stock.com/uploads/articles/56/editor/Image5.png]
[cdu-stock.com/uploads/articles/56/editor/Fos2pdf.pdf]
[cdu-stock.com/uploads/articles/56/editor/Bordeaux2.pdf]
[cdu-stock.com/uploads/articles/56/editor/Anvers2.pdf]
[cdu-stock.com/uploads/articles/56/editor/Toulouse2.pdf]
[cdu-stock.com/uploads/articles/56/editor/Paris2.pdf]
[cdu-stock.com/uploads/articles/56/editor/Lyon2.pdf]
[cdu-stock.com/uploads/articles/56/editor/Montoir2.pdf]
[cdu-stock.com/uploads/articles/56/editor/Havre2.pdf]
[cdu-stock.com/uploads/articles/56/editor/Image3.png]
[cdu-stock.com/uploads/articles/56/editor/Capturebas11.jpg]
[cdu-stock.com/campagne_de_promotion_rentree-realisations-56-1.html]
[cdu-stock.com/container_40_pieds_high_cube-realisations-24-7.html]
[cdu-stock.com/container_8_pieds-realisations-25-7.html]
[cdu-stock.com/container_10_pieds-realisations-26-7.html]
[cdu-stock.com/container_20_pieds-realisations-27-7.html]
[cdu-stock.com/container_40_pieds-realisations-28-7.html]
[cdu-stock.com/container_frigorifique-realisations-29-7.html]
[cdu-stock.com/container_chantier-realisations-30-7.html]
[cdu-stock.com/container_premier_voyage-realisations-34-7.html]
[cdu-stock.com/container_occasions-realisations-32-7.html]
[cdu-stock.com/container_neuf-realisations-33-7.html]
[cdu-stock.com/container_amenage-realisations-31-7.html]
[cdu-stock.com/fiche-technique/Plaquette_container_20_open_side.html]
[cdu-stock.com/img.icons8.com/color/48/000000/download-2.html]
[cdu-stock.com/container-20pieds_OpenTop-2.html]
[cdu-stock.com/container-20piedsFrigorifique-2.html]
[cdu-stock.com/container_6_pieds-containers-25-7.html]
[cdu-stock.com/fiche-technique/Plaquette_container_40_open_top.html]
[cdu-stock.com/Container-40Pieds_FlatRack-2.html]
[cdu-stock.com/media.cdu-stock.com/photos/38/phot couv art centre.html]
[cdu-stock.com/media.cdu-stock.com/photos/45/phot couv art bungalows.html]
[cdu-stock.com/media.cdu-stock.com/photos/52/phot couv art insolite.html]
[cdu-stock.com/media.cdu-stock.com/photos/53/phot couv art conseils.html]
[cdu-stock.com/media.cdu-stock.com/photos/54/phot couv art plaquettes.html]
[cdu-stock.com/media.cdu-stock.com/photos/56/Photo couv promotion rentrée.html]
